3000000000000000000000000000000
2110000000000000000000000000000
2221111000000000000000000000000
